debug files:
 * problem -> /tmp/tmp.Z66dimokAQ
 * output  -> /tmp/tmp.VzaVjmN0EM
/home/leix/Documents/UPC/IA/lab/UPC-IA_planificacion
/home/leix/Documents/UPC/IA/lab/UPC-IA_planificacion/ext3
compiling parser
running ff-metric ...

ff: parsing domain file
domain 'PLANNER' defined
 ... done.
ff: parsing problem file
problem 'PLANNING1' defined
 ... done.


no metric specified. plan length assumed.

checking for cyclic := effects --- OK.

ff: search configuration is EHC, if that fails then  best-first on 1*g(s) + 5*h(s) where
    metric is  plan length

Cueing down from goal distance:   36 into depth [1]
                                  35            [1]
                                  34            [1]
                                  33            [1]
                                  32            [1]
                                  31            [1]
                                  30            [1]
                                  29            [1]
                                  28            [1]
                                  27            [1]
                                  26            [1]
                                  25            [1]
                                  24            [1]
                                  23            [1]
                                  22            [1]
                                  21            [1]
                                  20            [1]
                                  19            [1]
                                  18            [1]
                                  17            [1]
                                  16            [1]
                                  15            [1]
                                  14            [1]
                                  13            [1]
                                  12            [1]
                                  11            [1]
                                  10            [1]
                                   9            [1]
                                   8            [1]
                                   7            [1]
                                   6            [1]
                                   5            [1]
                                   4            [1]
                                   3            [1]
                                   2            [1]
                                   1            [1]
                                   0            

ff: found legal plan as follows

step    0: PREP-EJERCICIO E1 D1
        1: PREP-EJERCICIO E1 D2
        2: REALIZAR-EJERCICIO E1 N3 N4 D0 D1 DUMMY
        3: PREP-EJERCICIO E3 D1
        4: PREP-EJERCICIO E1 D3
        5: REALIZAR-EJERCICIO E1 N4 N5 D1 D2 DUMMY
        6: PREP-EJERCICIO E7 D1
        7: PREP-EJERCICIO E3 D2
        8: REALIZAR-EJERCICIO E3 N4 N5 D0 D1 E1
        9: PREP-EJERCICIO E1 D4
       10: REALIZAR-EJERCICIO E1 N5 N6 D2 D3 DUMMY
       11: PREP-EJERCICIO E7 D2
       12: REALIZAR-EJERCICIO E7 N6 N7 D0 D1 E3
       13: PREP-EJERCICIO E3 D3
       14: REALIZAR-EJERCICIO E3 N5 N6 D1 D2 E1
       15: PREP-EJERCICIO E1 D5
       16: REALIZAR-EJERCICIO E1 N6 N7 D3 D4 DUMMY
       17: PREP-EJERCICIO E7 D3
       18: REALIZAR-EJERCICIO E7 N7 N8 D1 D2 E3
       19: PREP-EJERCICIO E5 D1
       20: PREP-EJERCICIO E3 D4
       21: REALIZAR-EJERCICIO E3 N6 N7 D2 D3 E1
       22: PREP-EJERCICIO E1 D6
       23: REALIZAR-EJERCICIO E1 N7 N8 D4 D5 DUMMY
       24: PREP-EJERCICIO E7 D4
       25: REALIZAR-EJERCICIO E7 N8 N9 D2 D3 E3
       26: PREP-EJERCICIO E5 D2
       27: REALIZAR-EJERCICIO E5 N5 N6 D0 D1 E7
       28: PREP-EJERCICIO E3 D5
       29: REALIZAR-EJERCICIO E3 N7 N8 D3 D4 E1
       30: PREP-EJERCICIO E1 D7
       31: REALIZAR-EJERCICIO E1 N8 N9 D5 D6 DUMMY
       32: REALIZAR-EJERCICIO E7 N9 N10 D3 D4 E3
       33: REALIZAR-EJERCICIO E5 N6 N7 D1 D2 E7
       34: REALIZAR-EJERCICIO E3 N8 N9 D4 D5 E1
       35: REALIZAR-EJERCICIO E1 N9 N10 D6 D7 DUMMY
     

time spent:    0.00 seconds instantiating 134528 easy, 0 hard action templates
               0.04 seconds reachability analysis, yielding 1374 facts and 61944 actions
               0.06 seconds creating final representation with 1336 relevant facts, 30 relevant fluents
               0.38 seconds computing LNF
               0.41 seconds building connectivity graph
               0.55 seconds searching, evaluating 37 states, to a max depth of 1
               1.44 seconds total time

# DIA 1 (4 ejercicios)
    - E1	N4
    - E3	N5
    - E7	N7
    - E5	N6
# DIA 2 (4 ejercicios)
    - E1	N5
    - E3	N6
    - E7	N8
    - E5	N7
# DIA 3 (3 ejercicios)
    - E1	N6
    - E3	N7
    - E7	N9
# DIA 4 (3 ejercicios)
    - E1	N7
    - E3	N8
    - E7	N10
# DIA 5 (2 ejercicios)
    - E1	N8
    - E3	N9
# DIA 6 (1 ejercicios)
    - E1	N9
# DIA 7 (1 ejercicios)
    - E1	N10
# DIA 8 (0 ejercicios)
# DIA 9 (0 ejercicios)
# DIA 10 (0 ejercicios)
# DIA 11 (0 ejercicios)
# DIA 12 (0 ejercicios)
# DIA 13 (0 ejercicios)
# DIA 14 (0 ejercicios)
# DIA 15 (0 ejercicios)
ASSOLITS
ej 1	N10
ej 3	N9
ej 5	N7
ej 7	N10
