debug files:
 * problem -> /tmp/tmp.avdrwVlWuU
 * output  -> /tmp/tmp.TSu7VfvGL0
/home/leix/Documents/UPC/IA/lab/UPC-IA_planificacion
/home/leix/Documents/UPC/IA/lab/UPC-IA_planificacion/ext3
compiling parser
running ff-metric ...

ff: parsing domain file
domain 'PLANNER' defined
 ... done.
ff: parsing problem file
problem 'PLANNING1' defined
 ... done.


no metric specified. plan length assumed.

checking for cyclic := effects --- OK.

ff: search configuration is EHC, if that fails then  best-first on 1*g(s) + 5*h(s) where
    metric is  plan length

Cueing down from goal distance:   70 into depth [1]
                                  69            [1]
                                  68            [1]
                                  67            [1]
                                  66            [1]
                                  65            [1]
                                  64            [1]
                                  63            [1]
                                  60            [1]
                                  59            [1]
                                  58            [1]
                                  57            [1]
                                  56            [1]
                                  55            [1]
                                  53            [1]
                                  52            [1]
                                  51            [1]
                                  50            [1]
                                  49            [1]
                                  48            [1]
                                  47            [1]
                                  46            [1]
                                  44            [1]
                                  43            [1]
                                  42            [1]
                                  41            [1]
                                  40            [1]
                                  39            [1]
                                  38            [1]
                                  37            [1]
                                  36            [1]
                                  35            [1]
                                  34            [1]
                                  32            [1]
                                  31            [1]
                                  30            [1]
                                  29            [1]
                                  28            [1]
                                  27            [1]
                                  26            [1]
                                  25            [1]
                                  24            [1]
                                  23            [1]
                                  22            [1]
                                  21            [1]
                                  20            [1]
                                  19            [1]
                                  18            [1]
                                  17            [1]
                                  16            [1]
                                  15            [1]
                                  14            [1]
                                  13            [1]
                                  12            [1]
                                  11            [1][2]
                                   9            [1]
                                   7            [1]
                                   6            [1]
                                   5            [1]
                                   4            [1]
                                   3            [1]
                                   2            [1]
                                   1            [1]
                                   0            

ff: found legal plan as follows

step    0: PREP-EJERCICIO E4 D1
        1: PREP-EJERCICIO E4 D2
        2: PREP-EJERCICIO E4 D3
        3: PREP-EJERCICIO E4 D4
        4: PREP-EJERCICIO E4 D5
        5: PREP-EJERCICIO E4 D6
        6: PREP-EJERCICIO E4 D7
        7: PREP-EJERCICIO E5 D1
        8: REALIZAR-EJERCICIO E4 N0 N0 D0 D1 DUMMY
        9: REALIZAR-EJERCICIO E5 N5 N6 D0 D1 E4
       10: PREP-EJERCICIO E7 D1
       11: PREP-EJERCICIO E5 D5
       12: PREP-EJERCICIO E5 D2
       13: PREP-EJERCICIO E3 D1
       14: REALIZAR-EJERCICIO E4 N0 N0 D1 D2 DUMMY
       15: REALIZAR-EJERCICIO E5 N5 N5 D0 D2 E4
       16: PREP-EJERCICIO E1 D1
       17: PREP-EJERCICIO E5 D3
       18: PREP-EJERCICIO E7 D2
       19: REALIZAR-EJERCICIO E7 N6 N7 D0 D1 E5
       20: REALIZAR-EJERCICIO E3 N4 N5 D0 D1 E7
       21: PREP-EJERCICIO E3 D2
       22: PREP-EJERCICIO E5 D4
       23: REALIZAR-EJERCICIO E4 N0 N0 D1 D3 DUMMY
       24: REALIZAR-EJERCICIO E5 N5 N5 D0 D3 E4
       25: PREP-EJERCICIO E1 D2
       26: REALIZAR-EJERCICIO E1 N3 N4 D0 D1 E3
       27: PREP-EJERCICIO E5 D6
       28: PREP-EJERCICIO E5 D7
       29: PREP-EJERCICIO E7 D3
       30: REALIZAR-EJERCICIO E7 N7 N8 D1 D2 E5
       31: REALIZAR-EJERCICIO E3 N5 N6 D1 D2 E7
       32: PREP-EJERCICIO E3 D3
       33: REALIZAR-EJERCICIO E4 N0 N0 D1 D4 DUMMY
       34: REALIZAR-EJERCICIO E5 N5 N5 D0 D4 E4
       35: PREP-EJERCICIO E1 D3
       36: REALIZAR-EJERCICIO E1 N4 N5 D1 D2 E3
       37: REALIZAR-EJERCICIO E4 N0 N0 D1 D5 DUMMY
       38: REALIZAR-EJERCICIO E5 N5 N5 D0 D5 E4
       39: PREP-EJERCICIO E3 D6
       40: PREP-EJERCICIO E3 D5
       41: REALIZAR-EJERCICIO E4 N0 N0 D1 D6 DUMMY
       42: REALIZAR-EJERCICIO E5 N5 N5 D0 D6 E4
       43: PREP-EJERCICIO E3 D7
       44: REALIZAR-EJERCICIO E4 N0 N0 D1 D7 DUMMY
       45: REALIZAR-EJERCICIO E5 N6 N7 D1 D7 E4
       46: PREP-EJERCICIO E7 D4
       47: REALIZAR-EJERCICIO E7 N8 N9 D2 D3 E5
       48: PREP-EJERCICIO E1 D4
       49: REALIZAR-EJERCICIO E3 N6 N6 D2 D5 E5
       50: REALIZAR-EJERCICIO E3 N6 N6 D2 D6 E5
       51: PREP-EJERCICIO E1 D6
       52: PREP-EJERCICIO E1 D7
       53: REALIZAR-EJERCICIO E7 N9 N10 D3 D4 E5
       54: PREP-EJERCICIO E3 D4
       55: REALIZAR-EJERCICIO E3 N6 N7 D2 D3 E7
       56: REALIZAR-EJERCICIO E3 N7 N8 D3 D4 E7
       57: REALIZAR-EJERCICIO E1 N5 N6 D2 D3 E3
       58: PREP-EJERCICIO E1 D5
       59: REALIZAR-EJERCICIO E1 N6 N7 D3 D4 E3
       60: REALIZAR-EJERCICIO E1 N7 N8 D4 D5 E3
       61: REALIZAR-EJERCICIO E3 N8 N9 D4 D7 E5
       62: REALIZAR-EJERCICIO E1 N8 N9 D5 D6 E3
       63: REALIZAR-EJERCICIO E1 N9 N10 D6 D7 E3
     

time spent:    0.00 seconds instantiating 84000 easy, 128 hard action templates
               0.02 seconds reachability analysis, yielding 1372 facts and 39558 actions
               0.03 seconds creating final representation with 1332 relevant facts, 30 relevant fluents
               0.24 seconds computing LNF
               0.19 seconds building connectivity graph
               4.08 seconds searching, evaluating 269 states, to a max depth of 2
               4.56 seconds total time

# DIA 1 (5 ejercicios)
    - E4	N0
    - E5	N6
    - E7	N7
    - E3	N5
    - E1	N4
# DIA 2 (5 ejercicios)
    - E4	N0
    - E5	N5
    - E7	N8
    - E3	N6
    - E1	N5
# DIA 3 (5 ejercicios)
    - E4	N0
    - E5	N5
    - E7	N9
    - E3	N7
    - E1	N6
# DIA 4 (5 ejercicios)
    - E4	N0
    - E5	N5
    - E7	N10
    - E3	N8
    - E1	N7
# DIA 5 (4 ejercicios)
    - E4	N0
    - E5	N5
    - E3	N6
    - E1	N8
# DIA 6 (4 ejercicios)
    - E4	N0
    - E5	N5
    - E3	N6
    - E1	N9
# DIA 7 (4 ejercicios)
    - E4	N0
    - E5	N7
    - E3	N9
    - E1	N10
# DIA 8 (0 ejercicios)
# DIA 9 (0 ejercicios)
# DIA 10 (0 ejercicios)
# DIA 11 (0 ejercicios)
# DIA 12 (0 ejercicios)
# DIA 13 (0 ejercicios)
# DIA 14 (0 ejercicios)
# DIA 15 (0 ejercicios)
ASSOLITS
ej 1	N10
ej 3	N9
ej 5	N7
ej 7	N10
