debug files:
 * problem -> /tmp/tmp.LaRKAFM9CW
 * output  -> /tmp/tmp.63K2xmz7uT
/home/leix/Documents/UPC/IA/lab/UPC-IA_planificacion
/home/leix/Documents/UPC/IA/lab/UPC-IA_planificacion/ext1
compiling parser
running ff-metric ...

ff: parsing domain file
domain 'PLANNER' defined
 ... done.
ff: parsing problem file
problem 'PLANNING1' defined
 ... done.


no metric specified. plan length assumed.

checking for cyclic := effects --- OK.

ff: search configuration is EHC, if that fails then  best-first on 1*g(s) + 5*h(s) where
    metric is  plan length

Cueing down from goal distance:   63 into depth [1]
                                  62            [1]
                                  60            [1]
                                  59            [1]
                                  58            [1]
                                  57            [1]
                                  55            [1]
                                  54            [1]
                                  53            [1]
                                  52            [1]
                                  51            [1]
                                  49            [1]
                                  48            [1]
                                  47            [1]
                                  46            [1]
                                  45            [1]
                                  44            [1]
                                  43            [1]
                                  41            [1]
                                  40            [1]
                                  39            [1]
                                  38            [1]
                                  37            [1]
                                  36            [1]
                                  35            [1]
                                  34            [1]
                                  33            [1]
                                  32            [1]
                                  31            [1]
                                  30            [1]
                                  29            [1]
                                  28            [1]
                                  27            [1]
                                  25            [1]
                                  24            [1]
                                  23            [1]
                                  22            [1]
                                  21            [1]
                                  20            [1]
                                  19            [1]
                                  18            [1]
                                  17            [1]
                                  16            [1]
                                  15            [1]
                                  14            [1]
                                  13            [1]
                                  12            [1]
                                  11            [1]
                                  10            [1]
                                   9            [1]
                                   8            [1]
                                   7            [1]
                                   6            [1]
                                   5            [1]
                                   4            [1]
                                   3            [1]
                                   2            [1]
                                   1            [1]
                                   0            

ff: found legal plan as follows

step    0: PREP-EJERCICIO E2 D1
        1: PREP-EJERCICIO E3 D1
        2: REALIZAR-EJERCICIO E2 N0 N0 D0 D1 DUMMY
        3: REALIZAR-EJERCICIO E3 N4 N5 D0 D1 E2
        4: PREP-EJERCICIO E2 D2
        5: PREP-EJERCICIO E3 D2
        6: PREP-EJERCICIO E1 D1
        7: REALIZAR-EJERCICIO E2 N0 N0 D1 D2 DUMMY
        8: REALIZAR-EJERCICIO E3 N5 N6 D1 D2 E2
        9: PREP-EJERCICIO E2 D3
       10: PREP-EJERCICIO E3 D3
       11: REALIZAR-EJERCICIO E1 N3 N4 D0 D1 E3
       12: PREP-EJERCICIO E1 D2
       13: REALIZAR-EJERCICIO E2 N0 N0 D1 D3 DUMMY
       14: REALIZAR-EJERCICIO E3 N6 N7 D2 D3 E2
       15: PREP-EJERCICIO E2 D4
       16: PREP-EJERCICIO E2 D5
       17: PREP-EJERCICIO E5 D3
       18: REALIZAR-EJERCICIO E5 N5 N6 D0 D3 E3
       19: PREP-EJERCICIO E5 D5
       20: PREP-EJERCICIO E7 D3
       21: REALIZAR-EJERCICIO E5 N6 N7 D3 D5 DUMMY
       22: PREP-EJERCICIO E5 D6
       23: REALIZAR-EJERCICIO E7 N6 N7 D0 D3 E5
       24: PREP-EJERCICIO E7 D5
       25: REALIZAR-EJERCICIO E5 N7 N7 D5 D6 DUMMY
       26: PREP-EJERCICIO E5 D7
       27: PREP-EJERCICIO E2 D6
       28: PREP-EJERCICIO E2 D7
       29: REALIZAR-EJERCICIO E7 N7 N8 D3 D5 E5
       30: PREP-EJERCICIO E7 D6
       31: REALIZAR-EJERCICIO E5 N7 N7 D5 D7 DUMMY
       32: PREP-EJERCICIO E3 D4
       33: REALIZAR-EJERCICIO E1 N4 N5 D1 D2 E3
       34: PREP-EJERCICIO E1 D3
       35: REALIZAR-EJERCICIO E2 N0 N0 D1 D4 DUMMY
       36: REALIZAR-EJERCICIO E3 N7 N8 D3 D4 E2
       37: REALIZAR-EJERCICIO E1 N5 N6 D2 D3 E7
       38: PREP-EJERCICIO E1 D4
       39: REALIZAR-EJERCICIO E7 N8 N9 D5 D6 E5
       40: PREP-EJERCICIO E7 D7
       41: PREP-EJERCICIO E3 D5
       42: REALIZAR-EJERCICIO E2 N0 N0 D0 D5 E7
       43: REALIZAR-EJERCICIO E3 N8 N9 D4 D5 E2
       44: PREP-EJERCICIO E3 D6
       45: REALIZAR-EJERCICIO E1 N6 N7 D3 D4 E3
       46: PREP-EJERCICIO E1 D5
       47: REALIZAR-EJERCICIO E2 N0 N0 D0 D6 E7
       48: REALIZAR-EJERCICIO E3 N9 N9 D5 D6 E2
       49: PREP-EJERCICIO E3 D7
       50: REALIZAR-EJERCICIO E1 N7 N8 D4 D5 E3
       51: PREP-EJERCICIO E1 D6
       52: REALIZAR-EJERCICIO E2 N0 N0 D1 D7 E5
       53: REALIZAR-EJERCICIO E3 N9 N9 D5 D7 E2
       54: REALIZAR-EJERCICIO E1 N8 N9 D5 D6 E3
       55: PREP-EJERCICIO E1 D7
       56: REALIZAR-EJERCICIO E7 N9 N10 D6 D7 E3
       57: REALIZAR-EJERCICIO E1 N9 N10 D6 D7 E7
     

time spent:    0.00 seconds instantiating 153600 easy, 128 hard action templates
               0.04 seconds reachability analysis, yielding 1259 facts and 61949 actions
               0.04 seconds creating final representation with 1225 relevant facts, 0 relevant fluents
               0.14 seconds computing LNF
               0.07 seconds building connectivity graph
               0.51 seconds searching, evaluating 86 states, to a max depth of 1
               0.80 seconds total time

# DIA 1 (3 ejercicios)
    - E2	N0
    - E3	N5
    - E1	N4
# DIA 2 (3 ejercicios)
    - E2	N0
    - E3	N6
    - E1	N5
# DIA 3 (5 ejercicios)
    - E2	N0
    - E3	N7
    - E5	N6
    - E7	N7
    - E1	N6
# DIA 4 (3 ejercicios)
    - E2	N0
    - E3	N8
    - E1	N7
# DIA 5 (5 ejercicios)
    - E5	N7
    - E7	N8
    - E2	N0
    - E3	N9
    - E1	N8
# DIA 6 (5 ejercicios)
    - E5	N7
    - E7	N9
    - E2	N0
    - E3	N9
    - E1	N9
# DIA 7 (5 ejercicios)
    - E5	N7
    - E2	N0
    - E3	N9
    - E7	N10
    - E1	N10
# DIA 8 (0 ejercicios)
# DIA 9 (0 ejercicios)
# DIA 10 (0 ejercicios)
# DIA 11 (0 ejercicios)
# DIA 12 (0 ejercicios)
# DIA 13 (0 ejercicios)
# DIA 14 (0 ejercicios)
# DIA 15 (0 ejercicios)
ASSOLITS
ej 1	N10
ej 3	N9
ej 5	N7
ej 7	N10
