debug files:
 * problem -> /tmp/tmp.M6nfBP5G52
 * output  -> /tmp/tmp.cOLudMlHvm
/home/leix/Documents/UPC/IA/lab/UPC-IA_planificacion
/home/leix/Documents/UPC/IA/lab/UPC-IA_planificacion/ext1
compiling parser
running ff-metric ...

ff: parsing domain file
domain 'PLANNER' defined
 ... done.
ff: parsing problem file
problem 'PLANNING1' defined
 ... done.


no metric specified. plan length assumed.

checking for cyclic := effects --- OK.

ff: search configuration is EHC, if that fails then  best-first on 1*g(s) + 5*h(s) where
    metric is  plan length

Cueing down from goal distance:   92 into depth [1]
                                  88            [1]
                                  87            [1]
                                  84            [1]
                                  83            [1]
                                  82            [1]
                                  81            [1]
                                  80            [1]
                                  79            [1]
                                  78            [1]
                                  77            [1]
                                  76            [1]
                                  75            [1]
                                  74            [1]
                                  73            [1]
                                  72            [1]
                                  71            [1]
                                  70            [1]
                                  69            [1]
                                  68            [1]
                                  67            [1]
                                  66            [1]
                                  65            [1]
                                  64            [1]
                                  63            [1]
                                  62            [1]
                                  61            [1]
                                  60            [1]
                                  59            [1]
                                  58            [1]
                                  57            [1]
                                  56            [1]
                                  55            [1]
                                  54            [1]
                                  53            [1]
                                  52            [1]
                                  51            [1]
                                  50            [1]
                                  49            [1]
                                  48            [1]
                                  47            [1]
                                  46            [1]
                                  45            [1][2]
                                  44            [1]
                                  43            [1]
                                  42            [1]
                                  41            [1]
                                  40            [1]
                                  39            [1]
                                  38            [1]
                                  37            [1]
                                  36            [1]
                                  35            [1]
                                  34            [1]
                                  33            [1][2][3]
                                  30            [1]
                                  29            [1]
                                  28            [1]
                                  27            [1]
                                  26            [1]
                                  25            [1][2][3]
                                  22            [1][2][3]
                                  21            [1]
                                  20            [1]
                                  19            [1]
                                  18            [1]
                                  17            [1]
                                  16            [1]
                                  15            [1][2]
                                  14            [1]
                                  13            [1][2]
                                  11            [1]
                                  10            [1]
                                   9            [1]
                                   8            [1]
                                   7            [1]
                                   6            [1]
                                   5            [1]
                                   4            [1]
                                   3            [1]
                                   2            [1]
                                   1            [1]
                                   0            

ff: found legal plan as follows

step    0: PREP-EJERCICIO E5 D6
        1: REALIZAR-EJERCICIO E5 N5 N6 D0 D6 DUMMY
        2: PREP-EJERCICIO E5 D10
        3: PREP-EJERCICIO E4 D6
        4: PREP-EJERCICIO E5 D14
        5: PREP-EJERCICIO E5 D13
        6: PREP-EJERCICIO E5 D15
        7: REALIZAR-EJERCICIO E5 N6 N6 D6 D14 DUMMY
        8: REALIZAR-EJERCICIO E5 N6 N6 D6 D13 DUMMY
        9: REALIZAR-EJERCICIO E5 N6 N6 D6 D15 DUMMY
       10: PREP-EJERCICIO E5 D12
       11: PREP-EJERCICIO E4 D14
       12: PREP-EJERCICIO E7 D14
       13: PREP-EJERCICIO E4 D13
       14: PREP-EJERCICIO E7 D13
       15: PREP-EJERCICIO E4 D15
       16: PREP-EJERCICIO E7 D15
       17: REALIZAR-EJERCICIO E5 N6 N6 D6 D12 DUMMY
       18: REALIZAR-EJERCICIO E4 N0 N0 D0 D14 E5
       19: REALIZAR-EJERCICIO E4 N0 N0 D14 D15 E5
       20: PREP-EJERCICIO E4 D12
       21: PREP-EJERCICIO E4 D10
       22: PREP-EJERCICIO E2 D13
       23: PREP-EJERCICIO E2 D14
       24: PREP-EJERCICIO E2 D15
       25: PREP-EJERCICIO E2 D6
       26: PREP-EJERCICIO E4 D11
       27: PREP-EJERCICIO E2 D12
       28: PREP-EJERCICIO E2 D10
       29: PREP-EJERCICIO E2 D11
       30: REALIZAR-EJERCICIO E4 N0 N0 D0 D13 E5
       31: REALIZAR-EJERCICIO E4 N0 N0 D0 D6 E5
       32: REALIZAR-EJERCICIO E4 N0 N0 D6 D12 E5
       33: REALIZAR-EJERCICIO E4 N0 N0 D6 D10 DUMMY
       34: REALIZAR-EJERCICIO E2 N0 N1 D0 D13 E4
       35: REALIZAR-EJERCICIO E2 N0 N1 D0 D14 E4
       36: REALIZAR-EJERCICIO E2 N0 N1 D0 D15 E4
       37: REALIZAR-EJERCICIO E2 N0 N1 D0 D6 E4
       38: REALIZAR-EJERCICIO E4 N0 N0 D6 D11 DUMMY
       39: REALIZAR-EJERCICIO E2 N0 N1 D0 D12 E4
       40: REALIZAR-EJERCICIO E2 N0 N1 D0 D10 E4
       41: REALIZAR-EJERCICIO E2 N0 N1 D0 D11 E4
       42: REALIZAR-EJERCICIO E7 N6 N6 D0 D14 E2
       43: REALIZAR-EJERCICIO E7 N6 N6 D0 D13 E2
       44: REALIZAR-EJERCICIO E7 N6 N6 D13 D15 E2
       45: PREP-EJERCICIO E3 D14
       46: PREP-EJERCICIO E3 D13
       47: PREP-EJERCICIO E3 D15
       48: REALIZAR-EJERCICIO E3 N4 N4 D0 D13 E7
       49: REALIZAR-EJERCICIO E3 N4 N4 D13 D14 E7
       50: REALIZAR-EJERCICIO E3 N4 N4 D13 D15 E7
       51: PREP-EJERCICIO E1 D13
       52: PREP-EJERCICIO E1 D14
       53: PREP-EJERCICIO E1 D15
       54: REALIZAR-EJERCICIO E5 N6 N7 D6 D13 E3
       55: PREP-EJERCICIO E7 D6
       56: REALIZAR-EJERCICIO E5 N5 N5 D0 D10 E2
       57: PREP-EJERCICIO E5 D11
       58: PREP-EJERCICIO E7 D12
       59: REALIZAR-EJERCICIO E7 N6 N6 D0 D12 E2
       60: PREP-EJERCICIO E3 D12
       61: REALIZAR-EJERCICIO E3 N4 N4 D0 D12 E7
       62: PREP-EJERCICIO E1 D12
       63: REALIZAR-EJERCICIO E7 N6 N7 D0 D6 E2
       64: PREP-EJERCICIO E7 D10
       65: REALIZAR-EJERCICIO E5 N5 N5 D0 D11 E2
       66: PREP-EJERCICIO E3 D6
       67: REALIZAR-EJERCICIO E7 N7 N7 D6 D10 E5
       68: PREP-EJERCICIO E7 D11
       69: REALIZAR-EJERCICIO E7 N7 N8 D6 D11 E5
       70: REALIZAR-EJERCICIO E7 N8 N9 D11 D12 E3
       71: PREP-EJERCICIO E3 D11
       72: REALIZAR-EJERCICIO E3 N4 N4 D0 D11 E7
       73: PREP-EJERCICIO E1 D11
       74: REALIZAR-EJERCICIO E7 N9 N10 D12 D13 E5
       75: REALIZAR-EJERCICIO E3 N4 N4 D0 D6 E7
       76: PREP-EJERCICIO E1 D6
       77: REALIZAR-EJERCICIO E1 N3 N4 D0 D6 E3
       78: REALIZAR-EJERCICIO E3 N4 N5 D0 D6 E1
       79: PREP-EJERCICIO E3 D10
       80: REALIZAR-EJERCICIO E3 N5 N6 D6 D10 E7
       81: PREP-EJERCICIO E1 D10
       82: REALIZAR-EJERCICIO E1 N4 N5 D6 D10 E3
       83: REALIZAR-EJERCICIO E1 N5 N6 D10 D11 E3
       84: REALIZAR-EJERCICIO E1 N6 N7 D11 D12 E7
       85: REALIZAR-EJERCICIO E3 N6 N7 D10 D11 E1
       86: REALIZAR-EJERCICIO E1 N7 N8 D12 D13 E7
       87: REALIZAR-EJERCICIO E3 N7 N8 D11 D12 E1
       88: REALIZAR-EJERCICIO E1 N8 N9 D13 D14 E3
       89: REALIZAR-EJERCICIO E3 N8 N9 D12 D13 E1
       90: REALIZAR-EJERCICIO E1 N9 N10 D14 D15 E3
     

time spent:    0.00 seconds instantiating 153600 easy, 128 hard action templates
               0.04 seconds reachability analysis, yielding 1259 facts and 61949 actions
               0.03 seconds creating final representation with 1225 relevant facts, 0 relevant fluents
               0.15 seconds computing LNF
               0.06 seconds building connectivity graph
               5.33 seconds searching, evaluating 656 states, to a max depth of 3
               5.61 seconds total time

# DIA 1 (0 ejercicios)
# DIA 2 (0 ejercicios)
# DIA 3 (0 ejercicios)
# DIA 4 (0 ejercicios)
# DIA 5 (0 ejercicios)
# DIA 6 (7 ejercicios)
    - E5	N6
    - E4	N0
    - E2	N1
    - E7	N7
    - E3	N4
    - E1	N4
    - E3	N5
# DIA 7 (0 ejercicios)
# DIA 8 (0 ejercicios)
# DIA 9 (0 ejercicios)
# DIA 10 (6 ejercicios)
    - E4	N0
    - E2	N1
    - E5	N5
    - E7	N7
    - E3	N6
    - E1	N5
# DIA 11 (7 ejercicios)
    - E4	N0
    - E2	N1
    - E5	N5
    - E7	N8
    - E3	N4
    - E1	N6
    - E3	N7
# DIA 12 (8 ejercicios)
    - E5	N6
    - E4	N0
    - E2	N1
    - E7	N6
    - E3	N4
    - E7	N9
    - E1	N7
    - E3	N8
# DIA 13 (9 ejercicios)
    - E5	N6
    - E4	N0
    - E2	N1
    - E7	N6
    - E3	N4
    - E5	N7
    - E7	N10
    - E1	N8
    - E3	N9
# DIA 14 (6 ejercicios)
    - E5	N6
    - E4	N0
    - E2	N1
    - E7	N6
    - E3	N4
    - E1	N9
# DIA 15 (6 ejercicios)
    - E5	N6
    - E4	N0
    - E2	N1
    - E7	N6
    - E3	N4
    - E1	N10
ASSOLITS
ej 1	N10
ej 2	N1
ej 3	N9
ej 5	N7
ej 7	N10
