debug files:
 * problem -> /tmp/tmp.jQax2sW1nQ
 * output  -> /tmp/tmp.HcyogBdzs1
/home/leix/Documents/UPC/IA/lab/UPC-IA_planificacion
/home/leix/Documents/UPC/IA/lab/UPC-IA_planificacion/basico
compiling parser
running ff-metric ...

ff: parsing domain file
domain 'PLANNER' defined
 ... done.
ff: parsing problem file
problem 'PLANNING1' defined
 ... done.


no metric specified. plan length assumed.

checking for cyclic := effects --- OK.

ff: search configuration is EHC, if that fails then  best-first on 1*g(s) + 5*h(s) where
    metric is  plan length

Cueing down from goal distance:   27 into depth [1]
                                  25            [1]
                                  24            [1]
                                  22            [1]
                                  21            [1]
                                  19            [1]
                                  17            [1]
                                  16            [1]
                                  14            [1]
                                  13            [1]
                                  12            [1]
                                  11            [1]
                                  10            [1]
                                   9            [1]
                                   8            [1]
                                   7            [1]
                                   6            [1]
                                   5            [1]
                                   4            [1]
                                   3            [1]
                                   2            [1]
                                   1            [1]
                                   0            

ff: found legal plan as follows

step    0: REALIZAR-EJERCICIO E3 DUMMY N4 N5 D0 D1 DUMMY
        1: REALIZAR-EJERCICIO E1 E3 N3 N4 D0 D1 E3
        2: REALIZAR-EJERCICIO E3 DUMMY N5 N6 D1 D2 DUMMY
        3: REALIZAR-EJERCICIO E1 E3 N4 N5 D1 D2 E3
        4: REALIZAR-EJERCICIO E3 DUMMY N6 N7 D2 D3 DUMMY
        5: REALIZAR-EJERCICIO E5 DUMMY N5 N6 D0 D1 E1
        6: REALIZAR-EJERCICIO E1 E3 N5 N6 D2 D3 E3
        7: REALIZAR-EJERCICIO E3 DUMMY N7 N8 D3 D4 DUMMY
        8: REALIZAR-EJERCICIO E7 E5 N6 N7 D0 D1 E5
        9: REALIZAR-EJERCICIO E5 DUMMY N6 N7 D1 D2 E1
       10: REALIZAR-EJERCICIO E1 E3 N6 N7 D3 D4 E3
       11: REALIZAR-EJERCICIO E3 DUMMY N8 N9 D4 D5 DUMMY
       12: REALIZAR-EJERCICIO E7 E5 N7 N8 D1 D2 E5
       13: REALIZAR-EJERCICIO E5 DUMMY N7 N7 D2 D3 E1
       14: REALIZAR-EJERCICIO E1 E3 N7 N8 D4 D5 E3
       15: REALIZAR-EJERCICIO E3 DUMMY N9 N9 D5 D6 DUMMY
       16: REALIZAR-EJERCICIO E7 E5 N8 N9 D2 D3 E5
       17: REALIZAR-EJERCICIO E5 DUMMY N7 N7 D2 D4 E1
       18: REALIZAR-EJERCICIO E1 E3 N8 N9 D5 D6 E3
       19: REALIZAR-EJERCICIO E3 DUMMY N9 N9 D5 D7 DUMMY
       20: REALIZAR-EJERCICIO E7 E5 N9 N10 D3 D4 E5
       21: REALIZAR-EJERCICIO E1 E3 N9 N10 D6 D7 E3
     

time spent:    0.00 seconds instantiating 134400 easy, 0 hard action templates
               0.04 seconds reachability analysis, yielding 1006 facts and 61824 actions
               0.02 seconds creating final representation with 975 relevant facts, 0 relevant fluents
               0.15 seconds computing LNF
               0.05 seconds building connectivity graph
               0.16 seconds searching, evaluating 31 states, to a max depth of 1
               0.42 seconds total time

# DIA 1 (4 ejercicios)
    - E3	N5
    - E1	N4
    - E5	N6
    - E7	N7
# DIA 2 (4 ejercicios)
    - E3	N6
    - E1	N5
    - E5	N7
    - E7	N8
# DIA 3 (4 ejercicios)
    - E3	N7
    - E1	N6
    - E5	N7
    - E7	N9
# DIA 4 (4 ejercicios)
    - E3	N8
    - E1	N7
    - E5	N7
    - E7	N10
# DIA 5 (2 ejercicios)
    - E3	N9
    - E1	N8
# DIA 6 (2 ejercicios)
    - E3	N9
    - E1	N9
# DIA 7 (2 ejercicios)
    - E3	N9
    - E1	N10
# DIA 8 (0 ejercicios)
# DIA 9 (0 ejercicios)
# DIA 10 (0 ejercicios)
# DIA 11 (0 ejercicios)
# DIA 12 (0 ejercicios)
# DIA 13 (0 ejercicios)
# DIA 14 (0 ejercicios)
# DIA 15 (0 ejercicios)
ASSOLITS
ej 1	N10
ej 3	N9
ej 5	N7
ej 7	N10
